{
    "makeblastdb - fasta": {
        "content": [
            [
                "test.ndb",
                "test.nhr",
                "test.nin",
                "test.njs",
                "test.not",
                "test.nsq",
                "test.ntf",
                "test.nto"
            ],
            [
                "test.ndb:md5,NEEDS_UPDATE",
                "test.nhr:md5,NEEDS_UPDATE",
                "test.not:md5,NEEDS_UPDATE",
                "test.nsq:md5,NEEDS_UPDATE",
                "test.ntf:md5,NEEDS_UPDATE",
                "test.nto:md5,NEEDS_UPDATE"
            ],
            {
                "versions_makeblastdb": [
                    [
                        "BLAST_MAKEBLASTDB",
                        "makeblastdb",
                        "2.17.0+"
                    ]
                ]
            }
        ],
        "meta": {
            "nf-test": "0.9.3",
            "nextflow": "25.10.3"
        },
        "timestamp": "2026-02-11T14:44:37.88135"
    },
    "makeblastdb - fasta.gz - stub": {
        "content": [
            {
                "0": [
                    [
                        {
                            "id": "test"
                        },
                        [
                            "test.ndb:md5,d41d8cd98f00b204e9800998ecf8427e",
                            "test.nhr:md5,d41d8cd98f00b204e9800998ecf8427e",
                            "test.nin:md5,d41d8cd98f00b204e9800998ecf8427e",
                            "test.njs:md5,d41d8cd98f00b204e9800998ecf8427e",
                            "test.not:md5,d41d8cd98f00b204e9800998ecf8427e",
                            "test.nsq:md5,d41d8cd98f00b204e9800998ecf8427e",
                            "test.ntf:md5,d41d8cd98f00b204e9800998ecf8427e",
                            "test.nto:md5,d41d8cd98f00b204e9800998ecf8427e"
                        ]
                    ]
                ],
                "1": [
                    [
                        "BLAST_MAKEBLASTDB",
                        "makeblastdb",
                        "2.17.0+"
                    ]
                ],
                "db": [
                    [
                        {
                            "id": "test"
                        },
                        [
                            "test.ndb:md5,d41d8cd98f00b204e9800998ecf8427e",
                            "test.nhr:md5,d41d8cd98f00b204e9800998ecf8427e",
                            "test.nin:md5,d41d8cd98f00b204e9800998ecf8427e",
                            "test.njs:md5,d41d8cd98f00b204e9800998ecf8427e",
                            "test.not:md5,d41d8cd98f00b204e9800998ecf8427e",
                            "test.nsq:md5,d41d8cd98f00b204e9800998ecf8427e",
                            "test.ntf:md5,d41d8cd98f00b204e9800998ecf8427e",
                            "test.nto:md5,d41d8cd98f00b204e9800998ecf8427e"
                        ]
                    ]
                ],
                "versions_makeblastdb": [
                    [
                        "BLAST_MAKEBLASTDB",
                        "makeblastdb",
                        "2.17.0+"
                    ]
                ]
            }
        ],
        "meta": {
            "nf-test": "0.9.3",
            "nextflow": "25.10.3"
        },
        "timestamp": "2026-02-11T14:44:47.814955"
    },
    "makeblastdb - fasta.gz": {
        "content": [
            [
                "test.ndb",
                "test.nhr",
                "test.nin",
                "test.njs",
                "test.not",
                "test.nsq",
                "test.ntf",
                "test.nto"
            ],
            [
                "test.ndb:md5,NEEDS_UPDATE",
                "test.nhr:md5,NEEDS_UPDATE",
                "test.not:md5,NEEDS_UPDATE",
                "test.nsq:md5,NEEDS_UPDATE",
                "test.ntf:md5,NEEDS_UPDATE",
                "test.nto:md5,NEEDS_UPDATE"
            ],
            {
                "versions_makeblastdb": [
                    [
                        "BLAST_MAKEBLASTDB",
                        "makeblastdb",
                        "2.17.0+"
                    ]
                ]
            }
        ],
        "meta": {
            "nf-test": "0.9.3",
            "nextflow": "25.10.3"
        },
        "timestamp": "2026-02-11T14:44:42.886955"
    }
}
